pipeline {
    agent any

    stages {
        stage('Checkout') {
            steps {
                checkout scm
            }
        }

        stage('Build') {
            steps {
                sh 'mvn clean compile'
            }
        }

        stage('Test') {
            steps {
                sh 'mvn test'
            }
        }

        stage('Package') {
            steps {
                sh 'mvn package'
            }
        }
    }

    post {
        always {
            echo 'Pipeline finished'
        }
    }
}
